[onstream.so/index.html]
[backblue.gif]
[fade.gif]
[index.html]
[onstream.so/images/og.jpg]
[onstream.so/images/favicon.png]
[maxcdn.bootstrapcdn.com/bootstrap/4.1.3/css/bootstrap.min.css]
[use.fontawesome.com/releases/v5.3.1/css/all.css]
[onstream.so/css/styles.css]
[onstream.so/css/page.css]
[onstream.so/css/media.css]
[onstream.so/images/logo@2x.png]
[onstream.so/images/icon-logo.png]
[onstream.so/images/canvas.png]
[onstream.so/images/appicon.png]
[onstream.so/images/os-phone.png]
[onstream.so/images/icons/target.svg]
[onstream.so/images/icons/subtitle.svg]
[onstream.so/images/icons/servers.svg]
[onstream.so/images/icons/download.svg]
[onstream.so/images/icons/wishlist.svg]
[onstream.so/images/icons/video.svg]
[onstream.so/images/how-to-install-OnStream.jpg]
[onstream.so/images/download-a-free-movies-step-2-to-4.jpg]
[onstream.so/images/icons/smarttv.svg]
[onstream.so/images/icons/smartphone.svg]
[onstream.so/cinema-hd.html]
[onstream.so/hdobox.html]
[onstream.so/beetv.html]
[onstream.so/movie-box.html]
[onstream.so/popcornflix.html]
[ajax.googleapis.com/ajax/libs/jquery/3.3.1/jquery.min.js]
[maxcdn.bootstrapcdn.com/bootstrap/4.1.3/js/bootstrap.min.js]
[onstream.so/js/numscroller-1.0.js]
[onstream.so/index.html]
[maxcdn.bootstrapcdn.com/bootstrap/4.1.3/css/bootstrap.min.css]
[use.fontawesome.com/releases/v5.3.1/css/all.css]
[onstream.so/js/custom.js]
[onstream.so/images/caret.png]
[onstream.so/images/top-bg-4.webp]
[onstream.so/images/top-bg-3.jpg]
[onstream.so/css/styles.css]
[onstream.so/css/page.css]
[onstream.so/css/media.css]
[onstream.so/images/icons/target.svg]
[onstream.so/images/icons/subtitle.svg]
[onstream.so/images/icons/servers.svg]
[onstream.so/images/icons/download.svg]
[onstream.so/images/icons/wishlist.svg]
[onstream.so/images/icons/video.svg]
[onstream.so/images/icons/smarttv.svg]
[onstream.so/images/icons/smartphone.svg]
[onstream.so/images/post-01.jpg]
[onstream.so/images/how-to-download-cinema-hd-on-android-phone.jpg]
[onstream.so/images/how-to-download-cinema-hd-on-firestick.jpg]
[onstream.so/images/features-cinema-hd-app.jpg]
[onstream.so/cinema-hd.html]
[onstream.so/images/post-05.jpg]
[onstream.so/hdobox.html]
[onstream.so/images/post-04.jpg]
[onstream.so/images/instruction-to-install-beetv-app.jpg]
[onstream.so/images/check-wifi-connection-to-your-phone.jpg]
[onstream.so/beetv.html]
[onstream.so/images/post-02.jpg]
[onstream.so/images/movie-box-features.jpg]
[onstream.so/cdn-cgi/l/email-protection.html]
[onstream.so/images/movie-box-invitation-code.jpg]
[onstream.so/images/movie-box-wifi-connection.jpg]
[onstream.so/movie-box.html]
[onstream.so/cdn-cgi/scripts/5c5dd728/cloudflare-static/email-decode.min.js]
[onstream.so/images/post-03.jpg]
[onstream.so/popcornflix.html]
[onstream.so/images/caret.html]
[onstream.so/cdn-cgi/l/email-protection.html]
